eeschema (2013-jul-07)-stable  >> Creation date: Sun 01 Nov 2015 12:15:14 AEDT
#Cmp ( order = Reference )
| CONN1      INPUT       
| CONN2      OUTPUT      
| IC1        74HC595     
| IC2        74HC595     
| IC3        74HC595     
| P1         CONN_1      
| P2         CONN_1      
| P3         CONN_1      
| P4         CONN_1      
| P5         CONN_1      
| P6         CONN_1      
| P7         CONN_1      
| P8         CONN_1      
| P9         CONN_1      
| P10        CONN_1      
| P11        CONN_1      
| P12        CONN_1      
| P13        CONN_1      
| P14        CONN_1      
| P15        CONN_1      
| P16        CONN_1      
| P17        CONN_1      
| P18        CONN_1      
| P19        CONN_1      
| P20        CONN_1      
| P21        CONN_1      
| P22        CONN_1      
| P23        CONN_1      
| P24        CONN_1      
| R1         R           
| R2         R           
| R3         R           
| R4         R           
| R5         R           
| R6         R           
| R7         R           
| R8         R           
| R9         R           
| R10        R           
| R11        R           
| R12        R           
| R13        R           
| R14        R           
| R15        R           
| R16        R           
| R17        R           
| R18        R           
| R19        R           
| R20        R           
| R21        R           
| R22        R           
| R23        R           
| R24        R           
#End Cmp

#Cmp ( order = Value )
| INPUT        CONN1     
| OUTPUT       CONN2     
| 74HC595      IC1       
| 74HC595      IC2       
| 74HC595      IC3       
| CONN_1       P1        
| CONN_1       P2        
| CONN_1       P3        
| CONN_1       P4        
| CONN_1       P5        
| CONN_1       P6        
| CONN_1       P7        
| CONN_1       P8        
| CONN_1       P9        
| CONN_1       P10       
| CONN_1       P11       
| CONN_1       P12       
| CONN_1       P13       
| CONN_1       P14       
| CONN_1       P15       
| CONN_1       P16       
| CONN_1       P17       
| CONN_1       P18       
| CONN_1       P19       
| CONN_1       P20       
| CONN_1       P21       
| CONN_1       P22       
| CONN_1       P23       
| CONN_1       P24       
| R            R1        
| R            R2        
| R            R3        
| R            R4        
| R            R5        
| R            R6        
| R            R7        
| R            R8        
| R            R9        
| R            R10       
| R            R11       
| R            R12       
| R            R13       
| R            R14       
| R            R15       
| R            R16       
| R            R17       
| R            R18       
| R            R19       
| R            R20       
| R            R21       
| R            R22       
| R            R23       
| R            R24       
#End Cmp

#End List
